Server running at http://localhost:3000
Pre-fetching data to warm up cache...
Fetching fresh data from ESPN...
Teams URL: https://site.api.espn.com/apis/site/v2/sports/football/nfl/teams?limit=40&enable=statistics%2Cstats
Team [0] keys: [
  'id',             'uid',
  'slug',           'abbreviation',
  'displayName',    'shortDisplayName',
  'name',           'nickname',
  'location',       'color',
  'alternateColor', 'isActive',
  'isAllStar',      'logos',
  'links'
]
Teams fetched: 32
Fetching Schedule...
Including Postseason Game: CAR vs LAR
Uncompleted Game: CAR vs LAR - Status: Sat, January 10th at 4:30 PM EST
Including Postseason Game: CHI vs GB
Uncompleted Game: CHI vs GB - Status: Sat, January 10th at 8:00 PM EST
Including Postseason Game: JAX vs BUF
Uncompleted Game: JAX vs BUF - Status: Sun, January 11th at 1:00 PM EST
Including Postseason Game: PHI vs SF
Uncompleted Game: PHI vs SF - Status: Sun, January 11th at 4:30 PM EST
Including Postseason Game: NE vs LAC
Uncompleted Game: NE vs LAC - Status: Sun, January 11th at 8:00 PM EST
Including Postseason Game: PIT vs HOU
Uncompleted Game: PIT vs HOU - Status: Mon, January 12th at 8:15 PM EST
Recalculated records from 272 completed games.
[CommonGames Debug] Applicable (Count: 6) for NE,DEN
[CommonGames Debug] Sorted: DEN(1.000),NE(0.833)
[CommonGames Debug] Inapplicable (Count: 3) for HOU,BUF
[CommonGames Debug] Applicable (Count: 6) for IND,BAL
[CommonGames Debug] Sorted: IND(0.167),BAL(0.167)
[CommonGames Debug] Applicable (Count: 6) for IND,BAL
[CommonGames Debug] Sorted: IND(0.167),BAL(0.167)
[CommonGames Debug] Applicable (Count: 6) for IND,BAL
[CommonGames Debug] Sorted: IND(0.167),BAL(0.167)
[CommonGames Debug] Applicable (Count: 6) for CIN,KC
[CommonGames Debug] Sorted: CIN(0.333),KC(0.333)
[CommonGames Debug] Applicable (Count: 6) for CIN,KC
[CommonGames Debug] Sorted: CIN(0.333),KC(0.333)
[CommonGames Debug] Applicable (Count: 6) for NYJ,TEN
[CommonGames Debug] Sorted: NYJ(0.167),TEN(0.167)
[CommonGames Debug] Applicable (Count: 6) for NYJ,TEN
[CommonGames Debug] Sorted: NYJ(0.167),TEN(0.167)
[CommonGames Debug] Applicable (Count: 5) for NYJ,TEN,LV
[CommonGames Debug] Sorted: NYJ(0.200),TEN(0.200),LV(0.200)
[CommonGames Debug] Applicable (Count: 5) for NYJ,TEN,LV
[CommonGames Debug] Sorted: NYJ(0.200),TEN(0.200),LV(0.200)
[CommonGames Debug] Applicable (Count: 6) for NYJ,TEN
[CommonGames Debug] Sorted: NYJ(0.167),TEN(0.167)
[CommonGames Debug] Applicable (Count: 10) for ATL,TB,CAR
[CommonGames Debug] Sorted: ATL(0.500),TB(0.500),CAR(0.300)
[CommonGames Debug] Applicable (Count: 12) for MIN,DET
[CommonGames Debug] Sorted: DET(0.667),MIN(0.583)
[CommonGames Debug] Applicable (Count: 12) for SF,LAR
[CommonGames Debug] Sorted: LAR(0.750),SF(0.667)
[CommonGames Debug] Applicable (Count: 10) for PHI,CHI
[CommonGames Debug] Sorted: PHI(0.700),CHI(0.600)
[CommonGames Debug] Applicable (Count: 12) for ATL,TB
[CommonGames Debug] Sorted: TB(0.500),ATL(0.417)
[CommonGames Debug] Applicable (Count: 12) for MIN,DET
[CommonGames Debug] Sorted: DET(0.667),MIN(0.583)
[CommonGames Debug] Applicable (Count: 12) for SF,LAR
[CommonGames Debug] Sorted: LAR(0.750),SF(0.667)
[WC Debug] NFC West Rep: LAR (Candidates: LAR,SF,ARI)
[WC Debug] Winner picked: LAR
[CommonGames Debug] Applicable (Count: 12) for ATL,TB
[CommonGames Debug] Sorted: TB(0.500),ATL(0.417)
[CommonGames Debug] Applicable (Count: 12) for MIN,DET
[CommonGames Debug] Sorted: DET(0.667),MIN(0.583)
[WC Debug] NFC West Rep: SF (Candidates: SF,ARI)
[WC Debug] Winner picked: SF
[CommonGames Debug] Applicable (Count: 12) for ATL,TB
[CommonGames Debug] Sorted: TB(0.500),ATL(0.417)
[CommonGames Debug] Applicable (Count: 12) for MIN,DET
[CommonGames Debug] Sorted: DET(0.667),MIN(0.583)
[CommonGames Debug] Applicable (Count: 12) for ATL,TB
[CommonGames Debug] Sorted: TB(0.500),ATL(0.417)
[CommonGames Debug] Applicable (Count: 12) for MIN,DET
[CommonGames Debug] Sorted: DET(0.667),MIN(0.583)
[CommonGames Debug] Applicable (Count: 12) for ATL,TB
[CommonGames Debug] Sorted: TB(0.500),ATL(0.417)
[CommonGames Debug] Applicable (Count: 12) for ATL,TB
[CommonGames Debug] Sorted: TB(0.500),ATL(0.417)
Data initialized in 1.87s
